<ul><li style="display: block; color: red;"><ul><li style="display: block; color: red;"><ul><li style="display: block; color: red;"></li></ul></li></ul></li></ul>
