<p id="test" class="woot" style="border: 1px solid red; display: inline-block;">Woot</p>
