<p style="background: url(&quot;/woot&quot;);">woot</p>
