<p><em style="color: red; background: blue;"><em style="background: blue;">woot</em></p>
