<p style="border: 1px solid red;margin: 1px;"></p>
